###############################################################################
#
# IAR ELF Linker V8.32.1.169/W32 for ARM                  31/Jan/2020  14:58:39
# Copyright 2007-2018 IAR Systems AB.
#
#    Output file  =  
#        D:\Longer\智能车赛\my_programs\PID_K66_master\project\Debug\Exe\template.out
#    Map file     =  
#        D:\Longer\智能车赛\my_programs\PID_K66_master\project\Debug\List\template.map
#    Command line =  
#        -f C:\Users\37157\AppData\Local\Temp\EWA4A7.tmp
#        (D:\Longer\智能车赛\my_programs\PID_K66_master\project\Debug\Obj\ANO_DT.o
#        D:\Longer\智能车赛\my_programs\PID_K66_master\project\Debug\Obj\fsl_clock.o
#        D:\Longer\智能车赛\my_programs\PID_K66_master\project\Debug\Obj\fsl_common.o
#        D:\Longer\智能车赛\my_programs\PID_K66_master\project\Debug\Obj\IRQ_Handler.o
#        D:\Longer\智能车赛\my_programs\PID_K66_master\project\Debug\Obj\LG_EncTPM.o
#        D:\Longer\智能车赛\my_programs\PID_K66_master\project\Debug\Obj\LQ_12864.o
#        D:\Longer\智能车赛\my_programs\PID_K66_master\project\Debug\Obj\LQ_9AX.o
#        D:\Longer\智能车赛\my_programs\PID_K66_master\project\Debug\Obj\LQ_ADC.o
#        D:\Longer\智能车赛\my_programs\PID_K66_master\project\Debug\Obj\LQ_CAMERA_OV7725.o
#        D:\Longer\智能车赛\my_programs\PID_K66_master\project\Debug\Obj\LQ_CCD.o
#        D:\Longer\智能车赛\my_programs\PID_K66_master\project\Debug\Obj\LQ_FLASH.o
#        D:\Longer\智能车赛\my_programs\PID_K66_master\project\Debug\Obj\LQ_KEY.o
#        D:\Longer\智能车赛\my_programs\PID_K66_master\project\Debug\Obj\LQ_LED.o
#        D:\Longer\智能车赛\my_programs\PID_K66_master\project\Debug\Obj\LQ_LPTMR.o
#        D:\Longer\智能车赛\my_programs\PID_K66_master\project\Debug\Obj\LQ_MOTOR.o
#        D:\Longer\智能车赛\my_programs\PID_K66_master\project\Debug\Obj\LQ_MPU6050.o
#        D:\Longer\智能车赛\my_programs\PID_K66_master\project\Debug\Obj\LQ_OV7725.o
#        D:\Longer\智能车赛\my_programs\PID_K66_master\project\Debug\Obj\LQ_PIT.o
#        D:\Longer\智能车赛\my_programs\PID_K66_master\project\Debug\Obj\LQ_SD5.o
#        D:\Longer\智能车赛\my_programs\PID_K66_master\project\Debug\Obj\LQ_SGP18T.o
#        D:\Longer\智能车赛\my_programs\PID_K66_master\project\Debug\Obj\LQ_SYSTICK.o
#        D:\Longer\智能车赛\my_programs\PID_K66_master\project\Debug\Obj\LQ_UART.o
#        D:\Longer\智能车赛\my_programs\PID_K66_master\project\Debug\Obj\LQ_Ultrasonic.o
#        D:\Longer\智能车赛\my_programs\PID_K66_master\project\Debug\Obj\LQ_WDOG.o
#        D:\Longer\智能车赛\my_programs\PID_K66_master\project\Debug\Obj\main.o
#        D:\Longer\智能车赛\my_programs\PID_K66_master\project\Debug\Obj\MK60_ADC.o
#        D:\Longer\智能车赛\my_programs\PID_K66_master\project\Debug\Obj\MK60_CMT.o
#        D:\Longer\智能车赛\my_programs\PID_K66_master\project\Debug\Obj\MK60_DMA.o
#        D:\Longer\智能车赛\my_programs\PID_K66_master\project\Debug\Obj\MK60_FLASH.o
#        D:\Longer\智能车赛\my_programs\PID_K66_master\project\Debug\Obj\MK60_FTM.o
#        D:\Longer\智能车赛\my_programs\PID_K66_master\project\Debug\Obj\MK60_GPIO.o
#        D:\Longer\智能车赛\my_programs\PID_K66_master\project\Debug\Obj\MK60_IIC.o
#        D:\Longer\智能车赛\my_programs\PID_K66_master\project\Debug\Obj\MK60_LPTMR.o
#        D:\Longer\智能车赛\my_programs\PID_K66_master\project\Debug\Obj\MK60_PIT.o
#        D:\Longer\智能车赛\my_programs\PID_K66_master\project\Debug\Obj\MK60_PLL.o
#        D:\Longer\智能车赛\my_programs\PID_K66_master\project\Debug\Obj\MK60_SYSTICK.o
#        D:\Longer\智能车赛\my_programs\PID_K66_master\project\Debug\Obj\MK60_UART.o
#        D:\Longer\智能车赛\my_programs\PID_K66_master\project\Debug\Obj\MK60_WDOG.o
#        D:\Longer\智能车赛\my_programs\PID_K66_master\project\Debug\Obj\MK66_TPM.o
#        D:\Longer\智能车赛\my_programs\PID_K66_master\project\Debug\Obj\PID.o
#        D:\Longer\智能车赛\my_programs\PID_K66_master\project\Debug\Obj\start.o
#        D:\Longer\智能车赛\my_programs\PID_K66_master\project\Debug\Obj\startup_MK66F18.o
#        --no_out_extension -o
#        D:\Longer\智能车赛\my_programs\PID_K66_master\project\Debug\Exe\template.out
#        --map
#        D:\Longer\智能车赛\my_programs\PID_K66_master\project\Debug\List\template.map
#        --config D:\Longer\IAR_ARM\arm\config\linker\NXP\MK66xX1M_18.icf
#        --semihosting --entry __iar_program_start --vfe --text_out locale)
#
###############################################################################

*******************************************************************************
*** RUNTIME MODEL ATTRIBUTES
***

CppFlavor       = *
__Heap_Handler  = DLMalloc
__SystemLibrary = DLib
__dlib_version  = 6


*******************************************************************************
*** HEAP SELECTION
***

The advanced heap was selected because the application calls memory
allocation functions outside of system library functions, and there
are calls to deallocation functions in the application.


*******************************************************************************
*** PLACEMENT SUMMARY
***

"A0":  place at 0x0 { ro section .intvec };
"P1":  place in [from 0x400 to 0x40f] { section FlashConfig };
"P2":  place in [from 0x0 to 0x3ff] |
                [from 0x410 to 0xf'ffff] |
                [from 0x1000'0000 to 0x1003'ffff] { ro };
define block CSTACK with size = 8K, alignment = 8 { };
define block HEAP with size = 16K, alignment = 8 { };
"P3":  place in [from 0x1fff'0000 to 0x1fff'ffff] |
                [from 0x2000'0000 to 0x2002'ffff] {
          rw, block CSTACK, block HEAP };
initialize by copy { rw };

No sections matched the following patterns:

  section .flex_ram  in "P4"


  Section            Kind         Address     Size  Object
  -------            ----         -------     ----  ------
"A0":                                        0x400
  .intvec            ro code          0x0    0x400  startup_MK66F18.o [1]
                                  - 0x400    0x400

"P1":                                         0x10
  FlashConfig        ro code        0x400     0x10  startup_MK66F18.o [1]
                                  - 0x410     0x10

"P2":                                       0x4aa4
  .text              ro code        0x410    0xc16  xprintflarge_nomb.o [2]
  .text              ro code       0x1026     0x3a  zero_init3.o [4]
  .text              ro code       0x1060     0x16  strchr.o [4]
  .text              ro code       0x1076      0x2  startup_MK66F18.o [1]
  .text              ro code       0x1078     0x40  xfail_s.o [2]
  .text              ro code       0x10b8     0x36  strlen.o [4]
  .text              ro code       0x10ee      0x2  startup_MK66F18.o [1]
  .text              ro code       0x10f0     0x58  memchr.o [4]
  .text              ro code       0x1148    0x230  I64DivMod.o [4]
  .text              ro code       0x1378    0x1a2  DblMul.o [3]
  .text              ro code       0x151a      0x2  startup_MK66F18.o [1]
  .text              ro code       0x151c     0xa6  ABImemcpy.o [4]
  .text              ro code       0x15c2      0x2  startup_MK66F18.o [1]
  .text              ro code       0x15c4     0x70  frexp.o [3]
  .text              ro code       0x1634    0x246  DblDiv.o [3]
  .text              ro code       0x187a      0x2  startup_MK66F18.o [1]
  .text              ro code       0x187c     0x28  DblToU32.o [3]
  .text              ro code       0x18a4     0x1a  U32ToDbl.o [3]
  .text              ro code       0x18be      0x2  startup_MK66F18.o [1]
  .text              ro code       0x18c0     0xe2  DblSub.o [3]
  .text              ro code       0x19a2      0x2  startup_MK66F18.o [1]
  .text              ro code       0x19a4     0x3c  xlocale_c.o [2]
  .text              ro code       0x19e0      0x6  abort.o [2]
  .text              ro code       0x19e8      0x2  I64DivZer.o [4]
  .text              ro code       0x19ec    0x17a  DblAdd.o [3]
  .text              ro code       0x1b68     0x14  exit.o [5]
  .text              ro code       0x1b7c    0x700  pow64.o [3]
  .text              ro code       0x227c     0x20  DblCmpEq.o [3]
  .text              ro code       0x229c     0x2e  DblCmpLe.o [3]
  .text              ro code       0x22cc     0x3a  DblToS32.o [3]
  .text              ro code       0x2308     0x22  S32ToDbl.o [3]
  .text              ro code       0x232c     0x2e  DblCmpGe.o [3]
  .text              ro code       0x235c    0x3e8  iar_Exp64.o [3]
  .text              ro code       0x2744    0x13a  ldexp.o [3]
  .text              ro code       0x2880    0x578  xscanfsmall_nomb.o [2]
  .text              ro code       0x2df8     0x14  isspace.o [2]
  .text              ro code       0x2e0c     0x86  iar_Stolx.o [2]
  .text              ro code       0x2e94    0x146  iar_Stoulx.o [2]
  .text              ro code       0x2fda     0x14  tolower.o [2]
  .rodata            const         0x2ff0    0x420  pow64.o [3]
  .text              ro code       0x3410    0x320  IRQ_Handler.o [1]
  .text              ro code       0x3730     0x68  DblToFlt.o [3]
  .text              ro code       0x3798     0xa4  PID.o [1]
  .text              ro code       0x383c    0x13c  ANO_DT.o [1]
  .text              ro code       0x3978    0x1f0  MK60_UART.o [1]
  .text              ro code       0x3b68    0x108  LQ_LED.o [1]
  .text              ro code       0x3c70     0xc4  MK60_LPTMR.o [1]
  .text              ro code       0x3d34     0x24  scanf.o [2]
  .text              ro code       0x3d58     0x48  FltToDbl.o [3]
  .text              ro code       0x3da0     0x16  math_wrappers64.o [3]
  .text              ro code       0x3db8     0x28  printf.o [2]
  .text              ro code       0x3de0    0x120  MK60_GPIO.o [1]
  .text              ro code       0x3f00    0x22c  LG_EncTPM.o [1]
  .text              ro code       0x412c    0x214  MK66_TPM.o [1]
  .text              ro code       0x4340     0x6c  MK60_PIT.o [1]
  .text              ro code       0x43ac     0x24  ABIassert.o [5]
  .text              ro code       0x43d0     0x66  ABImemset.o [4]
  .text              ro code       0x4438    0x148  MK60_PLL.o [1]
  .text              ro code       0x4580    0x11c  main.o [1]
  .text              ro code       0x469c    0x118  MK60_SYSTICK.o [1]
  Veneer             ro code       0x47b4      0x8  - Linker created -
  .text              ro code       0x47bc     0x80  LQ_CAMERA_OV7725.o [1]
  .text              ro code       0x483c     0x58  ungetc.o [2]
  .rodata            const         0x4894     0x54  MK66_TPM.o [1]
  .rodata            const         0x48e8     0x50  iar_Stoulx.o [2]
  .text              ro code       0x4938     0x30  MK60_WDOG.o [1]
  .text              ro code       0x4968     0x2c  copy_init3.o [4]
  .text              ro code       0x4994     0x28  startup_MK66F18.o [1]
  .text              ro code       0x49bc     0x28  data_init.o [4]
  .rodata            const         0x49e4     0x24  IRQ_Handler.o [1]
  .rodata            const         0x4a08     0x24  xscanfsmall_nomb.o [2]
  .text              ro code       0x4a2c     0x22  fpinit_M.o [3]
  .iar.init_table    const         0x4a50     0x24  - Linker created -
  .text              ro code       0x4a74     0x1e  cmain.o [4]
  .text              ro code       0x4a92      0x4  low_level_init.o [2]
  .text              ro code       0x4a96      0x4  exit.o [2]
  .text              ro code       0x4a9c      0xa  cexit.o [4]
  .rodata            const         0x4aa8     0x1c  MK66_TPM.o [1]
  .text              ro code       0x4ac4     0x1a  start.o [1]
  .text              ro code       0x4ade     0x16  xprout.o [2]
  .text              ro code       0x4af4      0xc  putchar.o [2]
  .rodata            const         0x4b00     0x14  MK66_TPM.o [1]
  .rodata            const         0x4b14     0x14  MK66_TPM.o [1]
  .text              ro code       0x4b28     0x10  getchar.o [2]
  .text              ro code       0x4b38      0xe  xscin.o [2]
  .rodata            const         0x4b48      0xc  MK66_TPM.o [1]
  .rodata            const         0x4b54      0xc  MK66_TPM.o [1]
  .text              ro code       0x4b60      0xc  cstartup_M.o [4]
  .rodata            const         0x4b6c      0x8  MK66_TPM.o [1]
  .text              ro code       0x4b74      0x8  startup_MK66F18.o [1]
  .text              ro code       0x4b7c      0x8  startup_MK66F18.o [1]
  .text              ro code       0x4b84      0x8  startup_MK66F18.o [1]
  .text              ro code       0x4b8c      0x8  startup_MK66F18.o [1]
  .text              ro code       0x4b94      0x8  startup_MK66F18.o [1]
  .text              ro code       0x4b9c      0x8  startup_MK66F18.o [1]
  .text              ro code       0x4ba4      0x8  startup_MK66F18.o [1]
  .text              ro code       0x4bac      0x8  startup_MK66F18.o [1]
  .text              ro code       0x4bb4      0x8  startup_MK66F18.o [1]
  .text              ro code       0x4bbc      0x8  startup_MK66F18.o [1]
  .text              ro code       0x4bc4      0x8  startup_MK66F18.o [1]
  .text              ro code       0x4bcc      0x8  startup_MK66F18.o [1]
  .text              ro code       0x4bd4      0x8  startup_MK66F18.o [1]
  .text              ro code       0x4bdc      0x8  startup_MK66F18.o [1]
  .text              ro code       0x4be4      0x8  startup_MK66F18.o [1]
  .text              ro code       0x4bec      0x8  startup_MK66F18.o [1]
  .text              ro code       0x4bf4      0x8  startup_MK66F18.o [1]
  .text              ro code       0x4bfc      0x8  startup_MK66F18.o [1]
  .text              ro code       0x4c04      0x8  startup_MK66F18.o [1]
  .text              ro code       0x4c0c      0x8  startup_MK66F18.o [1]
  .text              ro code       0x4c14      0x8  startup_MK66F18.o [1]
  .text              ro code       0x4c1c      0x8  startup_MK66F18.o [1]
  .text              ro code       0x4c24      0x8  startup_MK66F18.o [1]
  .text              ro code       0x4c2c      0x8  startup_MK66F18.o [1]
  .text              ro code       0x4c34      0x8  startup_MK66F18.o [1]
  .text              ro code       0x4c3c      0x8  startup_MK66F18.o [1]
  .text              ro code       0x4c44      0x8  startup_MK66F18.o [1]
  .text              ro code       0x4c4c      0x8  startup_MK66F18.o [1]
  .text              ro code       0x4c54      0x8  startup_MK66F18.o [1]
  .text              ro code       0x4c5c      0x8  startup_MK66F18.o [1]
  .text              ro code       0x4c64      0x8  startup_MK66F18.o [1]
  .text              ro code       0x4c6c      0x8  startup_MK66F18.o [1]
  .text              ro code       0x4c74      0x8  startup_MK66F18.o [1]
  .text              ro code       0x4c7c      0x8  startup_MK66F18.o [1]
  .text              ro code       0x4c84      0x8  startup_MK66F18.o [1]
  .text              ro code       0x4c8c      0x8  startup_MK66F18.o [1]
  .text              ro code       0x4c94      0x8  startup_MK66F18.o [1]
  .text              ro code       0x4c9c      0x8  startup_MK66F18.o [1]
  .text              ro code       0x4ca4      0x8  startup_MK66F18.o [1]
  .text              ro code       0x4cac      0x8  startup_MK66F18.o [1]
  .text              ro code       0x4cb4      0x8  startup_MK66F18.o [1]
  .text              ro code       0x4cbc      0x8  startup_MK66F18.o [1]
  .text              ro code       0x4cc4      0x8  startup_MK66F18.o [1]
  .text              ro code       0x4ccc      0x8  startup_MK66F18.o [1]
  .text              ro code       0x4cd4      0x8  startup_MK66F18.o [1]
  .text              ro code       0x4cdc      0x8  startup_MK66F18.o [1]
  .text              ro code       0x4ce4      0x8  startup_MK66F18.o [1]
  .text              ro code       0x4cec      0x8  startup_MK66F18.o [1]
  .text              ro code       0x4cf4      0x8  startup_MK66F18.o [1]
  .text              ro code       0x4cfc      0x8  startup_MK66F18.o [1]
  .text              ro code       0x4d04      0x8  startup_MK66F18.o [1]
  .text              ro code       0x4d0c      0x8  startup_MK66F18.o [1]
  .text              ro code       0x4d14      0x8  startup_MK66F18.o [1]
  .rodata            const         0x4d1c      0x6  xlocale_c.o [2]
  .rodata            const         0x4d24      0x4  IRQ_Handler.o [1]
  .text              ro code       0x4d28      0x4  startup_MK66F18.o [1]
  .rodata            const         0x4d2c      0x0  zero_init3.o [4]
  .rodata            const         0x4d2c      0x0  copy_init3.o [4]
  Initializer bytes  const         0x4d2c    0x188  <for P3 s0>
                                 - 0x4eb4   0x4aa4

"P3", part 1 of 3:                           0x188
  P3 s0                       0x2000'0000    0x188  <Init block>
    .data            inited   0x2000'0000     0x48  xlocale_c.o [2]
    .data            inited   0x2000'0048     0x48  xfiles.o [2]
    .data            inited   0x2000'0090     0x48  xfiles.o [2]
    .data            inited   0x2000'00d8     0x38  xlocale_c.o [2]
    .textrw          inited   0x2000'0110     0x24  MK60_DMA.o [1]
    .data            inited   0x2000'0134     0x14  MK60_GPIO.o [1]
    .data            inited   0x2000'0148     0x14  MK60_GPIO.o [1]
    .data            inited   0x2000'015c     0x14  MK60_SYSTICK.o [1]
    .data            inited   0x2000'0170     0x14  MK60_UART.o [1]
    .data            inited   0x2000'0184      0x1  LQ_KEY.o [1]
                            - 0x2000'0188    0x188

"P3", part 2 of 3:                         0x12cd0
  .bss               zero     0x2000'0188  0x12c00  LQ_CAMERA_OV7725.o [1]
  .bss               zero     0x2001'2d88     0x50  xfiles.o [2]
  .bss               zero     0x2001'2dd8     0x34  ANO_DT.o [1]
  .bss               zero     0x2001'2e0c      0x4  xfail_s.o [2]
  .bss               zero     0x2001'2e10     0x20  MK60_SYSTICK.o [1]
  .bss               zero     0x2001'2e30     0x20  PID.o [1]
  .bss               zero     0x2001'2e50      0x1  LQ_CAMERA_OV7725.o [1]
  .bss               zero     0x2001'2e51      0x1  LQ_CAMERA_OV7725.o [1]
  .bss               zero     0x2001'2e52      0x1  LQ_PIT.o [1]
  .bss               zero     0x2001'2e53      0x1  LQ_PIT.o [1]
  .bss               zero     0x2001'2e54      0x1  LQ_PIT.o [1]
  .bss               zero     0x2001'2e55      0x1  LQ_PIT.o [1]
  .bss               zero     0x2001'2e56      0x1  MK60_PLL.o [1]
  .bss               zero     0x2001'2e57      0x1  MK60_PLL.o [1]
                            - 0x2001'2e58  0x12cd0

"P3", part 3 of 3:                          0x2000
  CSTACK                      0x2001'2e58   0x2000  <Block>
    CSTACK           uninit   0x2001'2e58   0x2000  <Block tail>
                            - 0x2001'4e58   0x2000

Unused ranges:

         From           To      Size
         ----           --      ----
       0x4eb4     0xf'ffff  0xf'b14c
  0x1000'0000  0x1003'ffff  0x4'0000
  0x1fff'0000  0x1fff'ffff  0x1'0000
  0x2001'4e58  0x2002'ffff  0x1'b1a8


*******************************************************************************
*** INIT TABLE
***

          Address      Size
          -------      ----
Zero (__iar_zero_init3)
    1 destination range, total size 0x12cd0:
          0x2000'0188  0x12cd0

Copy (__iar_copy_init3)
    1 source range, total size 0x188 (100% of destination):
               0x4d2c    0x188
    1 destination range, total size 0x185:
          0x2000'0000    0x185



*******************************************************************************
*** MODULE SUMMARY
***

    Module               ro code  rw code  ro data  rw data
    ------               -------  -------  -------  -------
command line/config:
    -------------------------------------------------------
    Total:

D:\Longer\智能车赛\my_programs\PID_K66_master\project\Debug\Obj: [1]
    ANO_DT.o                 316                         52
    IRQ_Handler.o            800                40
    LG_EncTPM.o              556
    LQ_CAMERA_OV7725.o       128                     76 802
    LQ_KEY.o                                     1        1
    LQ_LED.o                 264
    LQ_PIT.o                                              4
    MK60_DMA.o                         36       36
    MK60_GPIO.o              288                40       40
    MK60_LPTMR.o             196
    MK60_PIT.o               108
    MK60_PLL.o               328                          2
    MK60_SYSTICK.o           280                20       52
    MK60_UART.o              496                20       20
    MK60_WDOG.o               48
    MK66_TPM.o               532               184
    PID.o                    164                         32
    main.o                   284
    start.o                   26
    startup_MK66F18.o      1 522
    -------------------------------------------------------
    Total:                 6 336       36      341   77 005

dl7M_tlf.a: [2]
    abort.o                    6
    exit.o                     4
    getchar.o                 16
    iar_Stolx.o              134
    iar_Stoulx.o             326                80
    isspace.o                 20
    low_level_init.o           4
    printf.o                  40
    putchar.o                 12
    scanf.o                   36
    tolower.o                 20
    ungetc.o                  88
    xfail_s.o                 64                          4
    xfiles.o                                   144      224
    xlocale_c.o               60               134      128
    xprintflarge_nomb.o    3 094
    xprout.o                  22
    xscanfsmall_nomb.o     1 400                36
    xscin.o                   14
    -------------------------------------------------------
    Total:                 5 360               394      356

m7M_tls.a: [3]
    DblAdd.o                 378
    DblCmpEq.o                32
    DblCmpGe.o                46
    DblCmpLe.o                46
    DblDiv.o                 582
    DblMul.o                 418
    DblSub.o                 226
    DblToFlt.o               104
    DblToS32.o                58
    DblToU32.o                40
    FltToDbl.o                72
    S32ToDbl.o                34
    U32ToDbl.o                26
    fpinit_M.o                34
    frexp.o                  112
    iar_Exp64.o            1 000
    ldexp.o                  314
    math_wrappers64.o         22
    pow64.o                1 792             1 056
    -------------------------------------------------------
    Total:                 5 336             1 056

rt7M_tl.a: [4]
    ABImemcpy.o              166
    ABImemset.o              102
    I64DivMod.o              560
    I64DivZer.o                2
    cexit.o                   10
    cmain.o                   30
    copy_init3.o              44
    cstartup_M.o              12
    data_init.o               40
    memchr.o                  88
    strchr.o                  22
    strlen.o                  54
    zero_init3.o              58
    -------------------------------------------------------
    Total:                 1 188

shb_l.a: [5]
    ABIassert.o               36
    exit.o                    20
    -------------------------------------------------------
    Total:                    56

    Gaps                      24                10
    Linker created             8                39    8 192
-----------------------------------------------------------
    Grand Total:          18 308       36    1 840   85 553


*******************************************************************************
*** ENTRY LIST
***

Entry                       Address     Size  Type      Object
-----                       -------     ----  ----      ------
.iar.init_table$$Base        0x4a50            --   Gb  - Linker created -
.iar.init_table$$Limit       0x4a74            --   Gb  - Linker created -
?main                        0x4a75           Code  Gb  cmain.o [4]
ANO_DT_Send_Data             0x383d     0x12  Code  Gb  ANO_DT.o [1]
ANO_DT_send_int16            0x384f    0x120  Code  Gb  ANO_DT.o [1]
CLOCK_EnableClock            0x3f7f     0x14  Code  Lc  LG_EncTPM.o [1]
CLOCK_EnableClock            0x412d     0x16  Code  Lc  MK66_TPM.o [1]
CLOCK_SetPllFllSelClock
                             0x3f9f     0x20  Code  Lc  LG_EncTPM.o [1]
CLOCK_SetTpmClock            0x3f93      0xc  Code  Lc  LG_EncTPM.o [1]
CSTACK$$Base            0x2001'2e58            --   Gb  - Linker created -
CSTACK$$Limit           0x2001'4e58            --   Gb  - Linker created -
DMA4_IRQHandler              0x3535     0x16  Code  Gb  IRQ_Handler.o [1]
DMATransDataStart       0x2000'0111     0x24  Code  Gb  MK60_DMA.o [1]
Enc_TPM12_Init               0x3feb     0xcc  Code  Gb  LG_EncTPM.o [1]
Field_Over_Flag         0x2001'2e51      0x1  Data  Gb  LQ_CAMERA_OV7725.o [1]
GPIOX                   0x2000'0134     0x14  Data  Gb  MK60_GPIO.o [1]
GPIO_PinInit                 0x3de1    0x114  Code  Gb  MK60_GPIO.o [1]
Image_Data              0x2000'0188  0x12c00  Data  Gb  LQ_CAMERA_OV7725.o [1]
LED_Init                     0x3b69     0x40  Code  Gb  LQ_LED.o [1]
LED_OFF                      0x3c0d     0x64  Code  Gb  LQ_LED.o [1]
LED_ON                       0x3ba9     0x64  Code  Gb  LQ_LED.o [1]
LPTMR_Delayms                0x3ce3     0x38  Code  Gb  MK60_LPTMR.o [1]
LPTMR_PulseInit              0x3c7b     0x68  Code  Gb  MK60_LPTMR.o [1]
Line_Cont               0x2001'2e50      0x1  Data  Gb  LQ_CAMERA_OV7725.o [1]
LoadInt                       0x5b5     0x7a  Code  Lc  xprintflarge_nomb.o [2]
NMI_Handler                  0x4add      0x2  Code  Gb  start.o [1]
NVIC_EnableIRQ               0x3f0b     0x14  Code  Lc  LG_EncTPM.o [1]
NVIC_EnableIRQ               0x45a5     0x14  Code  Lc  main.o [1]
NVIC_EncodePriority          0x3f43     0x3c  Code  Lc  LG_EncTPM.o [1]
NVIC_EncodePriority          0x45dd     0x3c  Code  Lc  main.o [1]
NVIC_GetPriorityGrouping
                             0x3f01      0xa  Code  Lc  LG_EncTPM.o [1]
NVIC_GetPriorityGrouping
                             0x459b      0xa  Code  Lc  main.o [1]
NVIC_SetPriority             0x3f1f     0x24  Code  Lc  LG_EncTPM.o [1]
NVIC_SetPriority             0x45b9     0x24  Code  Lc  main.o [1]
NVIC_SetPriority             0x469d     0x24  Code  Lc  MK60_SYSTICK.o [1]
NVIC_SetPriorityGrouping
                             0x4581     0x1a  Code  Lc  main.o [1]
PID_init                     0x3799     0x28  Code  Gb  PID.o [1]
PID_realize                  0x37c1     0x70  Code  Gb  PID.o [1]
PIT0_IRQHandler              0x344d     0xb2  Code  Gb  IRQ_Handler.o [1]
PIT1_IRQHandler              0x34ff     0x12  Code  Gb  IRQ_Handler.o [1]
PIT2_IRQHandler              0x3511     0x12  Code  Gb  IRQ_Handler.o [1]
PIT3_IRQHandler              0x3523     0x12  Code  Gb  IRQ_Handler.o [1]
PIT_Init                     0x4341     0x5a  Code  Gb  MK60_PIT.o [1]
PIT_Init_For_IT              0x4101     0x2c  Code  Gb  LG_EncTPM.o [1]
PLL_Init                     0x4439    0x148  Code  Gb  MK60_PLL.o [1]
PORTA_IRQHandler             0x3411      0x2  Code  Gb  IRQ_Handler.o [1]
PORTB_IRQHandler             0x3413     0x3a  Code  Gb  IRQ_Handler.o [1]
PORTD_IRQHandler             0x47bd     0x70  Code  Gb  LQ_CAMERA_OV7725.o [1]
PORTX                   0x2000'0148     0x14  Data  Gb  MK60_GPIO.o [1]
PORT_SetPinMux               0x3fd3     0x18  Code  Lc  LG_EncTPM.o [1]
Region$$Table$$Base          0x4a50            --   Gb  - Linker created -
Region$$Table$$Limit         0x4a74            --   Gb  - Linker created -
Start                        0x4ac5     0x12  Code  Gb  start.o [1]
SysTick_Config               0x46c1     0x30  Code  Lc  MK60_SYSTICK.o [1]
SysTick_Handler              0x4719      0xc  Code  Gb  MK60_SYSTICK.o [1]
TPM_GetDefaultConfig         0x4209     0x50  Code  Gb  MK66_TPM.o [1]
TPM_GetInstance              0x4143     0x34  Code  Lc  MK66_TPM.o [1]
TPM_Init                     0x4177     0x92  Code  Gb  MK66_TPM.o [1]
TPM_SetupQuadDecode          0x4259     0xc8  Code  Gb  MK66_TPM.o [1]
TPM_StartTimer               0x3fbf     0x14  Code  Lc  LG_EncTPM.o [1]
UART4_RX_TX_IRQHandler       0x354d    0x188  Code  Gb  IRQ_Handler.o [1]
UARTN                   0x2000'0170     0x14  Data  Gb  MK60_UART.o [1]
UART_GetNum                  0x3ad3     0x36  Code  Gb  MK60_UART.o [1]
UART_Init                    0x3999    0x112  Code  Gb  MK60_UART.o [1]
UART_PutBuff                 0x3ab5     0x1e  Code  Gb  MK60_UART.o [1]
UART_PutChar                 0x3aab      0xa  Code  Gb  MK60_UART.o [1]
WDOG_Disable                 0x4939     0x14  Code  Gb  MK60_WDOG.o [1]
WDOG_Unlock                  0x494d     0x14  Code  Gb  MK60_WDOG.o [1]
_GenldLargeNoMb               0xd45    0x24c  Code  Lc  xprintflarge_nomb.o [2]
_GetN                        0x2881     0x22  Code  Lc  xscanfsmall_nomb.o [2]
_GetintSmallNoMb             0x2bb1    0x1f0  Code  Lc  xscanfsmall_nomb.o [2]
_GetstrSmallNoMb             0x2ab9     0xf4  Code  Lc  xscanfsmall_nomb.o [2]
_LdtobLargeNoMb               0xaeb    0x232  Code  Lc  xprintflarge_nomb.o [2]
_LitobLargeNoMb               0x99b    0x10a  Code  Lc  xprintflarge_nomb.o [2]
_LocaleC_isspace             0x19b1     0x14  Code  Gb  xlocale_c.o [2]
_LocaleC_isupper             0x19a5      0x2  Code  Gb  xlocale_c.o [2]
_LocaleC_tolower             0x19c5      0xc  Code  Gb  xlocale_c.o [2]
_Locale_lconv           0x2000'00d8     0x38  Data  Lc  xlocale_c.o [2]
_PrintfLargeNoMb              0x411    0x19e  Code  Gb  xprintflarge_nomb.o [2]
_Prout                       0x4adf     0x16  Code  Gb  xprout.o [2]
_PutcharsLargeNoMb            0xf91     0x2e  Code  Lc  xprintflarge_nomb.o [2]
_PutfldLargeNoMb              0x62f    0x260  Code  Lc  xprintflarge_nomb.o [2]
_PuttxtLargeNoMb              0x88f    0x10c  Code  Lc  xprintflarge_nomb.o [2]
_ScanfSmallNoMb              0x28bd    0x1f6  Code  Gb  xscanfsmall_nomb.o [2]
_Scin                        0x4b39      0xe  Code  Gb  xscin.o [2]
_UngetN                      0x28a3     0x1a  Code  Lc  xscanfsmall_nomb.o [2]
__Vectors                       0x0            --   Gb  startup_MK66F18.o [1]
__Vectors_End                 0x400           Data  Gb  startup_MK66F18.o [1]
__Vectors_Size {Abs}          0x400            --   Gb  startup_MK66F18.o [1]
__aeabi_assert               0x43ad     0x24  Code  Gb  ABIassert.o [5]
__aeabi_cdcmpeq              0x227d           Code  Gb  DblCmpEq.o [3]
__aeabi_cdcmple              0x229d           Code  Gb  DblCmpLe.o [3]
__aeabi_cdrcmple             0x232d           Code  Gb  DblCmpGe.o [3]
__aeabi_d2f                  0x3731           Code  Gb  DblToFlt.o [3]
__aeabi_d2iz                 0x22cd           Code  Gb  DblToS32.o [3]
__aeabi_d2uiz                0x187d           Code  Gb  DblToU32.o [3]
__aeabi_dadd                 0x19ed           Code  Gb  DblAdd.o [3]
__aeabi_ddiv                 0x1635           Code  Gb  DblDiv.o [3]
__aeabi_dmul                 0x1379           Code  Gb  DblMul.o [3]
__aeabi_dsub                 0x18c1           Code  Gb  DblSub.o [3]
__aeabi_f2d                  0x3d59           Code  Gb  FltToDbl.o [3]
__aeabi_i2d                  0x2309           Code  Gb  S32ToDbl.o [3]
__aeabi_ldiv0                0x19e9           Code  Gb  I64DivZer.o [4]
__aeabi_memcpy               0x151d           Code  Gb  ABImemcpy.o [4]
__aeabi_memcpy4              0x153d           Code  Gb  ABImemcpy.o [4]
__aeabi_memcpy8              0x153d           Code  Gb  ABImemcpy.o [4]
__aeabi_memset               0x43d1           Code  Gb  ABImemset.o [4]
__aeabi_ui2d                 0x18a5           Code  Gb  U32ToDbl.o [3]
__aeabi_uldivmod             0x1149           Code  Gb  I64DivMod.o [4]
__cmain                      0x4a75           Code  Gb  cmain.o [4]
__exit                       0x1b69     0x14  Code  Gb  exit.o [5]
__iar_Exp64                  0x235d    0x388  Code  Gb  iar_Exp64.o [3]
__iar_Fail_s                 0x1079     0x1c  Code  Gb  xfail_s.o [2]
__iar_Memchr                 0x10f1           Code  Gb  memchr.o [4]
__iar_Memset                 0x43d1           Code  Gb  ABImemset.o [4]
__iar_Memset_word            0x43d9           Code  Gb  ABImemset.o [4]
__iar_Pow64                  0x1b7d    0x654  Code  Lc  pow64.o [3]
__iar_Stdin             0x2000'0048     0x48  Data  Gb  xfiles.o [2]
__iar_Stdout            0x2000'0090     0x48  Data  Gb  xfiles.o [2]
__iar_Stolx                  0x2e0d     0x82  Code  Gb  iar_Stolx.o [2]
__iar_Stoulx                 0x2e95    0x13a  Code  Gb  iar_Stoulx.o [2]
__iar_Strchr                 0x1061           Code  Gb  strchr.o [4]
__iar_copy_init3             0x4969     0x2c  Code  Gb  copy_init3.o [4]
__iar_dadd                   0x18d1           Code  Gb  DblSub.o [3]
__iar_data_init3             0x49bd     0x28  Code  Gb  data_init.o [4]
__iar_dsub                   0x19fd           Code  Gb  DblAdd.o [3]
__iar_dsubStart              0x1a0f           Code  Gb  DblAdd.o [3]
__iar_frexp                  0x15d1           Code  Gb  frexp.o [3]
__iar_frexpl                 0x15d1           Code  Gb  frexp.o [3]
__iar_globLocale        0x2000'0000     0x48  Data  Lc  xlocale_c.o [2]
__iar_global_Locale          0x19d1      0x4  Code  Gb  xlocale_c.o [2]
__iar_init_vfp               0x4a2d           Code  Gb  fpinit_M.o [3]
__iar_ldexp64                0x2745           Code  Gb  ldexp.o [3]
__iar_pow64                  0x2269     0x14  Code  Gb  pow64.o [3]
__iar_pow_medium             0x2269     0x14  Code  Gb  pow64.o [3]
__iar_pow_medium64           0x2269     0x14  Code  Gb  pow64.o [3]
__iar_pow_mediuml            0x2269     0x14  Code  Gb  pow64.o [3]
__iar_program_start          0x4b61           Code  Gb  cstartup_M.o [4]
__iar_scalbln64              0x2745           Code  Gb  ldexp.o [3]
__iar_scalbn64               0x2745           Code  Gb  ldexp.o [3]
__iar_softfp___iar_frexp64
                             0x15c5           Code  Gb  frexp.o [3]
__iar_softfp_frexp           0x15c5           Code  Gb  frexp.o [3]
__iar_softfp_frexpl          0x15c5           Code  Gb  frexp.o [3]
__iar_vfp_pow                0x3da7     0x10  Code  Gb  math_wrappers64.o [3]
__iar_zero_init3             0x1027     0x3a  Code  Gb  zero_init3.o [4]
__low_level_init             0x4a93      0x4  Code  Gb  low_level_init.o [2]
__ungetchar                  0x4b2f      0x6  Code  Gb  getchar.o [2]
__vector_table                  0x0           Data  Gb  startup_MK66F18.o [1]
__vector_table_0x1c            0x1c           Data  Gb  startup_MK66F18.o [1]
_call_main                   0x4a81           Code  Gb  cmain.o [4]
_exit                        0x4a9d           Code  Gb  cexit.o [4]
_main                        0x4a8f           Code  Gb  cmain.o [4]
abort                        0x19e1      0x6  Code  Gb  abort.o [2]
bus_clk                 0x2001'2e57      0x1  Data  Gb  MK60_PLL.o [1]
core_clk                0x2001'2e56      0x1  Data  Gb  MK60_PLL.o [1]
data_to_send            0x2001'2dd8     0x34  Data  Gb  ANO_DT.o [1]
delay_ms                     0x4783     0x12  Code  Lc  MK60_SYSTICK.o [1]
delay_us                     0x475b     0x28  Code  Lc  MK60_SYSTICK.o [1]
delayms                      0x3c71      0xa  Code  Gb  MK60_LPTMR.o [1]
digits                       0x4910     0x28  Data  Lc  iar_Stoulx.o [2]
exit                         0x4a97      0x4  Code  Gb  exit.o [2]
fgetc                        0x3989     0x10  Code  Gb  MK60_UART.o [1]
fputc                        0x3979     0x10  Code  Gb  MK60_UART.o [1]
get_current_time_ms          0x4725     0x12  Code  Lc  MK60_SYSTICK.o [1]
get_current_time_us          0x4737     0x24  Code  Lc  MK60_SYSTICK.o [1]
getchar                      0x4b29      0x6  Code  Gb  getchar.o [2]
isspace                      0x2df9     0x14  Code  Gb  isspace.o [2]
key_exti_flag           0x2000'0184      0x1  Data  Gb  LQ_KEY.o [1]
ldexp                        0x2745           Code  Gb  ldexp.o [3]
ldexpl                       0x2745           Code  Gb  ldexp.o [3]
lnbias                       0x2ff0    0x420  Data  Lc  pow64.o [3]
localeconv                   0x19d5      0x4  Code  Gb  xlocale_c.o [2]
main                         0x4619     0x64  Code  Gb  main.o [1]
memchr                       0x10f1           Code  Gb  memchr.o [4]
ndigs                        0x48e8     0x28  Data  Lc  iar_Stoulx.o [2]
obuf                    0x2001'2d88     0x50  Data  Lc  xfiles.o [2]
pid                     0x2001'2e30     0x20  Data  Gb  PID.o [1]
pit0_test_flag          0x2001'2e52      0x1  Data  Gb  LQ_PIT.o [1]
pit1_test_flag          0x2001'2e53      0x1  Data  Gb  LQ_PIT.o [1]
pit2_test_flag          0x2001'2e54      0x1  Data  Gb  LQ_PIT.o [1]
pit3_test_flag          0x2001'2e55      0x1  Data  Gb  LQ_PIT.o [1]
pow                          0x2269     0x14  Code  Gb  pow64.o [3]
powl                         0x2269     0x14  Code  Gb  pow64.o [3]
printf                       0x3db9     0x28  Code  Gb  printf.o [2]
putchar                      0x4af5      0xc  Code  Gb  putchar.o [2]
s_tpmBases                   0x4b6c      0x8  Data  Lc  MK66_TPM.o [1]
s_tpmClocks                  0x4b54      0xc  Data  Lc  MK66_TPM.o [1]
scalbln                      0x2745           Code  Gb  ldexp.o [3]
scalblnl                     0x2745           Code  Gb  ldexp.o [3]
scalbn                       0x2745           Code  Gb  ldexp.o [3]
scalbnl                      0x2745           Code  Gb  ldexp.o [3]
scale                         0xaa5     0x46  Code  Lc  xprintflarge_nomb.o [2]
scanf                        0x3d35     0x24  Code  Gb  scanf.o [2]
sec_hand                0x2001'2e0c      0x4  Data  Lc  xfail_s.o [2]
strchr                       0x1061           Code  Gb  strchr.o [4]
strlen                       0x10b9           Code  Gb  strlen.o [4]
strtol                       0x2e8f      0x4  Code  Gb  iar_Stolx.o [2]
strtoul                      0x2fd5      0x2  Code  Gb  iar_Stoulx.o [2]
systime                 0x2000'015c     0x14  Data  Gb  MK60_SYSTICK.o [1]
systime_init                 0x46f1     0x28  Code  Lc  MK60_SYSTICK.o [1]
timer                   0x2001'2e10     0x20  Data  Gb  MK60_SYSTICK.o [1]
tolower                      0x2fdb     0x14  Code  Gb  tolower.o [2]
ungetc                       0x483d     0x58  Code  Gb  ungetc.o [2]


[1] = D:\Longer\智能车赛\my_programs\PID_K66_master\project\Debug\Obj
[2] = dl7M_tlf.a
[3] = m7M_tls.a
[4] = rt7M_tl.a
[5] = shb_l.a

  18 308 bytes of readonly  code memory
      36 bytes of readwrite code memory
   1 840 bytes of readonly  data memory
  85 553 bytes of readwrite data memory

Errors: none
Warnings: none
